// Jest Snapshot v1, https://goo.gl/fbAQLP

exports[`Test on CounterApp Must match the snapshot 1`] = `
<div>
  <h1>
    CounterApp
  </h1>
  <h2>
    10
  </h2>
  <button>
    +
  </button>
  <button
    aria-label="btn-reset"
  >
    Reset
  </button>
  <button>
    -
  </button>
</div>
`;
