// Jest Snapshot v1, https://goo.gl/fbAQLP

exports[`Testing GifCard component Testing sobre el snapshot 1`] = `
<div>
  <div
    class="card"
  >
    <img
      alt="Test title"
      src="https://one-punch.com/saitama.jpg"
    />
    <p>
      Test title
    </p>
  </div>
</div>
`;
